== verify_feishu ==
PASS F14 ?????????(created 0, updated ????)
PASS F15 ????????????????
PASS F16 net ??????? 403
PASS F17 auditor ??????? 403
PASS F18 net ?????? 403
PASS F19 ??????????

RESULT: 19 passed, 0 failed

== verify_ipam ==
PASS P12 mock ARP poll ??? 2 ?(created 2)
PASS P13 poll ??? .22/.23 used(arp_discover) mac ???
PASS P14 ??? poll ??????(created 0)
PASS P15 map ???(40 ????? .1, .22 used, ?? usage)
PASS P16 ¦Â?????(offset=200 ?????¦Â)
PASS P17 auditor map 403

RESULT: 17 passed, 0 failed

== verify_change ==
PASS F2b ??????????
PASS F3 ?????????? -> 400
PASS G1 closed ????????
PASS G2 ?????(???????)>=2
PASS G3 Approval ???????(approved/rejected)
PASS G4 ??????(???????>=12)

=== 28 PASS / 0 FAIL ===

