api_test	RESULT: 33 passed, 0 failed	FAILS=0
verify_baseline	RESULT: 15 passed, 0 failed	FAILS=0
verify_duty	RESULT: 19 passed, 0 failed	FAILS=0
verify_firmware	RESULT: 20 passed, 0 failed	FAILS=0
verify_silence_ap	RESULT: 7 passed, 0 failed	FAILS=0
verify_suppress	RESULT: 19 passed, 0 failed	FAILS=0
verify_alert_converge	RESULT: 18 passed, 0 failed	FAILS=0
verify_automate		FAILS=0
verify_change		FAILS=1
verify_ncm	RESULT: 8 passed, 0 failed	FAILS=0
verify_topo_lldp		FAILS=1
verify_report	RESULT: 21 passed, 0 failed	FAILS=0
verify_power	RESULT: 15 passed, 0 failed	FAILS=0
verify_vcenter	RESULT: 14 passed, 0 failed	FAILS=0
verify_feishu	RESULT: 19 passed, 0 failed	FAILS=0
verify_ipam	RESULT: 17 passed, 0 failed	FAILS=0
verify_syslog	RESULT: 7 passed, 0 failed	FAILS=0
verify_collect	RESULT: 3 passed, 3 failed	FAILS=3
verify_edit		FAILS=0
verify_errors	RESULT: 21 passed, 0 failed	FAILS=0
